# zsim stats
===
root: # Stats
 contention: # Contention simulation stats
  domain-0: # Domain stats
   time: 34469631789 # Weave simulation time
 time: # Simulator time breakdown
  init: 1012638006
  bound: 370803773479
  weave: 57979696836
  ff: 0
 trigger: 20000 # Reason for this stats dump
 phase: 727977 # Simulated phases
 core: # Core stats
  core-0: # Core stats
   cycles: 7279772592 # Simulated unhalted cycles
   cCycles: 1630061098 # Cycles due to contention stalls
   instrs: 5000000469 # Simulated instructions
   uops: 5310547070 # Retired micro-ops
   bbls: 517127657 # Basic blocks
   approxInstrs: 563986 # Instrs with approx uop decoding
   mispredBranches: 7371950 # Mispredicted branches
 l1i: # Cache stats
  l1i-0: # Filter cache stats
   fhGETS: 559085851 # Filtered GETS hits
   fhGETX: 0 # Filtered GETX hits
   hGETS: 1600605 # GETS hits
   hGETX: 0 # GETX hits
   mGETS: 456 # GETS misses
   mGETXIM: 0 # GETX I->M misses
   mGETXSM: 0 # GETX S->M misses (upgrade misses)
   PUTS: 0 # Clean evictions (from lower level)
   PUTX: 0 # Dirty evictions (from lower level)
   INV: 0 # Invalidates (from upper level)
   INVX: 0 # Downgrades (from upper level)
   FWD: 0 # Forwards (from upper level)
   latGETnl: 33028 # GET request latency on next level
   latGETnet: 0 # GET request latency on network to next level
 l1d: # Cache stats
  l1d-0: # Filter cache stats
   fhGETS: 840092783 # Filtered GETS hits
   fhGETX: 275841869 # Filtered GETX hits
   hGETS: 23267714 # GETS hits
   hGETX: 4783409 # GETX hits
   mGETS: 56817431 # GETS misses
   mGETXIM: 2302747 # GETX I->M misses
   mGETXSM: 0 # GETX S->M misses (upgrade misses)
   PUTS: 0 # Clean evictions (from lower level)
   PUTX: 0 # Dirty evictions (from lower level)
   INV: 0 # Invalidates (from upper level)
   INVX: 0 # Downgrades (from upper level)
   FWD: 0 # Forwards (from upper level)
   latGETnl: 4210424963 # GET request latency on next level
   latGETnet: 0 # GET request latency on network to next level
 l2: # Cache stats
  l2-0: # Cache stats
   hGETS: 320063 # GETS hits
   hGETX: 4 # GETX hits
   mGETS: 56497824 # GETS misses
   mGETXIM: 2302743 # GETX I->M misses
   mGETXSM: 0 # GETX S->M misses (upgrade misses)
   PUTS: 54229962 # Clean evictions (from lower level)
   PUTX: 4889760 # Dirty evictions (from lower level)
   INV: 0 # Invalidates (from upper level)
   INVX: 0 # Downgrades (from upper level)
   FWD: 0 # Forwards (from upper level)
   latGETnl: 3737492919 # GET request latency on next level
   latGETnet: 0 # GET request latency on network to next level
 l3: # Cache stats
  l3-0: # Cache stats
   hGETS: 1750430 # GETS hits
   hGETX: 10902 # GETX hits
   mGETS: 54747394 # GETS misses
   mGETXIM: 2291841 # GETX I->M misses
   mGETXSM: 0 # GETX S->M misses (upgrade misses)
   PUTS: 54197406 # Clean evictions (from lower level)
   PUTX: 4594969 # Dirty evictions (from lower level)
   INV: 0 # Invalidates (from upper level)
   INVX: 0 # Downgrades (from upper level)
   FWD: 0 # Forwards (from upper level)
   latGETnl: 2737883280 # GET request latency on next level
   latGETnet: 0 # GET request latency on network to next level
 mem: # Memory controller stats
  mem-0: # Memory controller stats
   rd: 31094968 # Read requests
   wr: 1854403 # Write requests
   rdlat: 2524318343 # Total latency experienced by read requests
   wrlat: 283061223 # Total latency experienced by write requests
   rdhits: 707 # Read row hits
   wrhits: 26243 # Write row hits
   mlh: # latency histogram for memory requests
    0: 0
    1: 0
    2: 0
    3: 0
    4: 0
    5: 0
    6: 71
    7: 24324973
    8: 5810756
    9: 19513
    10: 8161
    11: 12942
    12: 16806
    13: 490163
    14: 76052
    15: 5570
    16: 11696
    17: 23624
    18: 20742
    19: 24049
    20: 26527
    21: 25374
    22: 26604
    23: 24153
    24: 23329
    25: 23645
    26: 23392
    27: 23498
    28: 26161
    29: 14370
    30: 6024
    31: 1702
    32: 1405
    33: 1350
    34: 915
    35: 221
    36: 105
    37: 120
    38: 82
    39: 59
    40: 55
    41: 45
    42: 23
    43: 25
    44: 32
    45: 62
    46: 46
    47: 39
    48: 31
    49: 53
    50: 43
    51: 32
    52: 48
    53: 50
    54: 78
    55: 50
    56: 27
    57: 37
    58: 14
    59: 13
    60: 1
    61: 2
    62: 1
    63: 1
    64: 1
    65: 1
    66: 2
    67: 2
    68: 0
    69: 0
    70: 0
    71: 0
    72: 0
    73: 0
    74: 0
    75: 0
    76: 0
    77: 0
    78: 0
    79: 0
    80: 0
    81: 0
    82: 0
    83: 0
    84: 0
    85: 0
    86: 0
    87: 0
    88: 0
    89: 0
    90: 0
    91: 0
    92: 0
    93: 0
    94: 0
    95: 0
    96: 0
    97: 0
    98: 0
    99: 0
  mem-1: # Memory controller stats
   rd: 25944237 # Read requests
   wr: 1853377 # Write requests
   rdlat: 2073677301 # Total latency experienced by read requests
   wrlat: 277605452 # Total latency experienced by write requests
   rdhits: 517 # Read row hits
   wrhits: 24200 # Write row hits
   mlh: # latency histogram for memory requests
    0: 0
    1: 0
    2: 0
    3: 0
    4: 0
    5: 0
    6: 0
    7: 21253936
    8: 4394839
    9: 11705
    10: 4230
    11: 5049
    12: 2356
    13: 1944
    14: 1697
    15: 1196
    16: 7539
    17: 20233
    18: 18387
    19: 19920
    20: 22540
    21: 20914
    22: 20364
    23: 19820
    24: 19500
    25: 20074
    26: 20290
    27: 20336
    28: 24082
    29: 7638
    30: 2503
    31: 750
    32: 601
    33: 393
    34: 184
    35: 132
    36: 91
    37: 102
    38: 75
    39: 65
    40: 51
    41: 33
    42: 26
    43: 30
    44: 22
    45: 22
    46: 34
    47: 47
    48: 50
    49: 38
    50: 40
    51: 40
    52: 44
    53: 60
    54: 75
    55: 66
    56: 20
    57: 25
    58: 11
    59: 6
    60: 3
    61: 5
    62: 1
    63: 1
    64: 2
    65: 0
    66: 0
    67: 0
    68: 0
    69: 0
    70: 0
    71: 0
    72: 0
    73: 0
    74: 0
    75: 0
    76: 0
    77: 0
    78: 0
    79: 0
    80: 0
    81: 0
    82: 0
    83: 0
    84: 0
    85: 0
    86: 0
    87: 0
    88: 0
    89: 0
    90: 0
    91: 0
    92: 0
    93: 0
    94: 0
    95: 0
    96: 0
    97: 0
    98: 0
    99: 0
 sched: # Scheduler stats
  thCr: 1 # Threads created
  thFn: 0 # Threads finished
  schedEvs: 1 # Schedule events
  waitEvs: 0 # Wait events
  handoffEvs: 0 # Handoff events
  sleepEvs: 0 # Sleep events
  idlePhases: 0 # Phases with no thread active
  idlePeriods: 0 # Periods with no thread active
  occHist: # Occupancy histogram
   0: 0
   1: 727977
  rqSzHist: # Run queue size histogram
   0: 727977
   1: 0
   2: 0
   3: 0
   4: 0
   5: 0
   6: 0
   7: 0
   8: 0
   9: 0
   10: 0
   11: 0
   12: 0
   13: 0
   14: 0
   15: 0
   16: 0
 procCycles: # Per-process unhalted core cycles
  0: 7279772592
  1: 0
  2: 0
  3: 0
  4: 0
  5: 0
  6: 0
  7: 0
  8: 0
  9: 0
  10: 0
  11: 0
  12: 0
  13: 0
  14: 0
  15: 0
  16: 0
  17: 0
  18: 0
  19: 0
  20: 0
  21: 0
  22: 0
  23: 0
  24: 0
  25: 0
  26: 0
  27: 0
  28: 0
  29: 0
  30: 0
  31: 0
  32: 0
  33: 0
  34: 0
  35: 0
  36: 0
  37: 0
  38: 0
  39: 0
  40: 0
  41: 0
  42: 0
  43: 0
  44: 0
  45: 0
  46: 0
  47: 0
  48: 0
  49: 0
  50: 0
  51: 0
  52: 0
  53: 0
  54: 0
  55: 0
  56: 0
  57: 0
  58: 0
  59: 0
  60: 0
  61: 0
  62: 0
  63: 0
 procInstrs: # Per-process instructions
  0: 5000000469
  1: 0
  2: 0
  3: 0
  4: 0
  5: 0
  6: 0
  7: 0
  8: 0
  9: 0
  10: 0
  11: 0
  12: 0
  13: 0
  14: 0
  15: 0
  16: 0
  17: 0
  18: 0
  19: 0
  20: 0
  21: 0
  22: 0
  23: 0
  24: 0
  25: 0
  26: 0
  27: 0
  28: 0
  29: 0
  30: 0
  31: 0
  32: 0
  33: 0
  34: 0
  35: 0
  36: 0
  37: 0
  38: 0
  39: 0
  40: 0
  41: 0
  42: 0
  43: 0
  44: 0
  45: 0
  46: 0
  47: 0
  48: 0
  49: 0
  50: 0
  51: 0
  52: 0
  53: 0
  54: 0
  55: 0
  56: 0
  57: 0
  58: 0
  59: 0
  60: 0
  61: 0
  62: 0
  63: 0
 heartbeats: # Per-process heartbeats
  0: 0
  1: 0
  2: 0
  3: 0
  4: 0
  5: 0
  6: 0
  7: 0
  8: 0
  9: 0
  10: 0
  11: 0
  12: 0
  13: 0
  14: 0
  15: 0
  16: 0
  17: 0
  18: 0
  19: 0
  20: 0
  21: 0
  22: 0
  23: 0
  24: 0
  25: 0
  26: 0
  27: 0
  28: 0
  29: 0
  30: 0
  31: 0
  32: 0
  33: 0
  34: 0
  35: 0
  36: 0
  37: 0
  38: 0
  39: 0
  40: 0
  41: 0
  42: 0
  43: 0
  44: 0
  45: 0
  46: 0
  47: 0
  48: 0
  49: 0
  50: 0
  51: 0
  52: 0
  53: 0
  54: 0
  55: 0
  56: 0
  57: 0
  58: 0
  59: 0
  60: 0
  61: 0
  62: 0
  63: 0
===
