# zsim stats
===
root: # Stats
 contention: # Contention simulation stats
  domain-0: # Domain stats
   time: 38714705051 # Weave simulation time
 time: # Simulator time breakdown
  init: 1021428539
  bound: 430197958250
  weave: 50284090881
  ff: 0
 trigger: 20000 # Reason for this stats dump
 phase: 193207 # Simulated phases
 core: # Core stats
  core-0: # Core stats
   cycles: 1931740307 # Simulated unhalted cycles
   cCycles: 329624631 # Cycles due to contention stalls
   instrs: 2197238456 # Simulated instructions
   uops: 2672876266 # Retired micro-ops
   bbls: 333651728 # Basic blocks
   approxInstrs: 564085 # Instrs with approx uop decoding
   mispredBranches: 1234460 # Mispredicted branches
  core-1: # Core stats
   cycles: 937309983 # Simulated unhalted cycles
   cCycles: 262092007 # Cycles due to contention stalls
   instrs: 467119287 # Simulated instructions
   uops: 439611301 # Retired micro-ops
   bbls: 30581273 # Basic blocks
   approxInstrs: 209 # Instrs with approx uop decoding
   mispredBranches: 1032592 # Mispredicted branches
  core-2: # Core stats
   cycles: 937249696 # Simulated unhalted cycles
   cCycles: 262106022 # Cycles due to contention stalls
   instrs: 467105683 # Simulated instructions
   uops: 439598803 # Retired micro-ops
   bbls: 30580113 # Basic blocks
   approxInstrs: 190 # Instrs with approx uop decoding
   mispredBranches: 1033793 # Mispredicted branches
  core-3: # Core stats
   cycles: 937285994 # Simulated unhalted cycles
   cCycles: 262138318 # Cycles due to contention stalls
   instrs: 467121892 # Simulated instructions
   uops: 439614949 # Retired micro-ops
   bbls: 30581125 # Basic blocks
   approxInstrs: 190 # Instrs with approx uop decoding
   mispredBranches: 1034013 # Mispredicted branches
  core-4: # Core stats
   cycles: 937113812 # Simulated unhalted cycles
   cCycles: 262007758 # Cycles due to contention stalls
   instrs: 467107027 # Simulated instructions
   uops: 439600387 # Retired micro-ops
   bbls: 30580185 # Basic blocks
   approxInstrs: 190 # Instrs with approx uop decoding
   mispredBranches: 1033640 # Mispredicted branches
  core-5: # Core stats
   cycles: 936743765 # Simulated unhalted cycles
   cCycles: 261676957 # Cycles due to contention stalls
   instrs: 467125541 # Simulated instructions
   uops: 439617153 # Retired micro-ops
   bbls: 30581439 # Basic blocks
   approxInstrs: 190 # Instrs with approx uop decoding
   mispredBranches: 1033604 # Mispredicted branches
  core-6: # Core stats
   cycles: 936022383 # Simulated unhalted cycles
   cCycles: 261154819 # Cycles due to contention stalls
   instrs: 467182768 # Simulated instructions
   uops: 439669868 # Retired micro-ops
   bbls: 30585397 # Basic blocks
   approxInstrs: 208 # Instrs with approx uop decoding
   mispredBranches: 1032877 # Mispredicted branches
 l1i: # Cache stats
  l1i-0: # Filter cache stats
   fhGETS: 339953166 # Filtered GETS hits
   fhGETX: 0 # Filtered GETX hits
   hGETS: 1601315 # GETS hits
   hGETX: 0 # GETX hits
   mGETS: 742 # GETS misses
   mGETXIM: 0 # GETX I->M misses
   mGETXSM: 0 # GETX S->M misses (upgrade misses)
   PUTS: 0 # Clean evictions (from lower level)
   PUTX: 0 # Dirty evictions (from lower level)
   INV: 271 # Invalidates (from upper level)
   INVX: 0 # Downgrades (from upper level)
   FWD: 0 # Forwards (from upper level)
   latGETnl: 50407 # GET request latency on next level
   latGETnet: 0 # GET request latency on network to next level
  l1i-1: # Filter cache stats
   fhGETS: 36571796 # Filtered GETS hits
   fhGETX: 0 # Filtered GETX hits
   hGETS: 228 # GETS hits
   hGETX: 0 # GETX hits
   mGETS: 194 # GETS misses
   mGETXIM: 0 # GETX I->M misses
   mGETXSM: 0 # GETX S->M misses (upgrade misses)
   PUTS: 0 # Clean evictions (from lower level)
   PUTX: 0 # Dirty evictions (from lower level)
   INV: 7 # Invalidates (from upper level)
   INVX: 0 # Downgrades (from upper level)
   FWD: 0 # Forwards (from upper level)
   latGETnl: 6914 # GET request latency on next level
   latGETnet: 0 # GET request latency on network to next level
  l1i-2: # Filter cache stats
   fhGETS: 36576751 # Filtered GETS hits
   fhGETX: 0 # Filtered GETX hits
   hGETS: 194 # GETS hits
   hGETX: 0 # GETX hits
   mGETS: 114 # GETS misses
   mGETXIM: 0 # GETX I->M misses
   mGETXSM: 0 # GETX S->M misses (upgrade misses)
   PUTS: 0 # Clean evictions (from lower level)
   PUTX: 0 # Dirty evictions (from lower level)
   INV: 0 # Invalidates (from upper level)
   INVX: 0 # Downgrades (from upper level)
   FWD: 0 # Forwards (from upper level)
   latGETnl: 2946 # GET request latency on next level
   latGETnet: 0 # GET request latency on network to next level
  l1i-3: # Filter cache stats
   fhGETS: 36578904 # Filtered GETS hits
   fhGETX: 0 # Filtered GETX hits
   hGETS: 183 # GETS hits
   hGETX: 0 # GETX hits
   mGETS: 115 # GETS misses
   mGETXIM: 0 # GETX I->M misses
   mGETXSM: 0 # GETX S->M misses (upgrade misses)
   PUTS: 0 # Clean evictions (from lower level)
   PUTX: 0 # Dirty evictions (from lower level)
   INV: 0 # Invalidates (from upper level)
   INVX: 0 # Downgrades (from upper level)
   FWD: 0 # Forwards (from upper level)
   latGETnl: 3019 # GET request latency on next level
   latGETnet: 0 # GET request latency on network to next level
  l1i-4: # Filter cache stats
   fhGETS: 36576064 # Filtered GETS hits
   fhGETX: 0 # Filtered GETX hits
   hGETS: 186 # GETS hits
   hGETX: 0 # GETX hits
   mGETS: 110 # GETS misses
   mGETXIM: 0 # GETX I->M misses
   mGETXSM: 0 # GETX S->M misses (upgrade misses)
   PUTS: 0 # Clean evictions (from lower level)
   PUTX: 0 # Dirty evictions (from lower level)
   INV: 0 # Invalidates (from upper level)
   INVX: 0 # Downgrades (from upper level)
   FWD: 0 # Forwards (from upper level)
   latGETnl: 3758 # GET request latency on next level
   latGETnet: 0 # GET request latency on network to next level
  l1i-5: # Filter cache stats
   fhGETS: 36577178 # Filtered GETS hits
   fhGETX: 0 # Filtered GETX hits
   hGETS: 190 # GETS hits
   hGETX: 0 # GETX hits
   mGETS: 112 # GETS misses
   mGETXIM: 0 # GETX I->M misses
   mGETXSM: 0 # GETX S->M misses (upgrade misses)
   PUTS: 0 # Clean evictions (from lower level)
   PUTX: 0 # Dirty evictions (from lower level)
   INV: 0 # Invalidates (from upper level)
   INVX: 0 # Downgrades (from upper level)
   FWD: 0 # Forwards (from upper level)
   latGETnl: 2944 # GET request latency on next level
   latGETnet: 0 # GET request latency on network to next level
  l1i-6: # Filter cache stats
   fhGETS: 36577467 # Filtered GETS hits
   fhGETX: 0 # Filtered GETX hits
   hGETS: 221 # GETS hits
   hGETX: 0 # GETX hits
   mGETS: 189 # GETS misses
   mGETXIM: 0 # GETX I->M misses
   mGETXSM: 0 # GETX S->M misses (upgrade misses)
   PUTS: 0 # Clean evictions (from lower level)
   PUTX: 0 # Dirty evictions (from lower level)
   INV: 3 # Invalidates (from upper level)
   INVX: 0 # Downgrades (from upper level)
   FWD: 0 # Forwards (from upper level)
   latGETnl: 6261 # GET request latency on next level
   latGETnet: 0 # GET request latency on network to next level
 l1d: # Cache stats
  l1d-0: # Filter cache stats
   fhGETS: 573342276 # Filtered GETS hits
   fhGETX: 273403632 # Filtered GETX hits
   hGETS: 4437324 # GETS hits
   hGETX: 3675857 # GETX hits
   mGETS: 9879202 # GETS misses
   mGETXIM: 1874319 # GETX I->M misses
   mGETXSM: 147788 # GETX S->M misses (upgrade misses)
   PUTS: 0 # Clean evictions (from lower level)
   PUTX: 0 # Dirty evictions (from lower level)
   INV: 190 # Invalidates (from upper level)
   INVX: 2013 # Downgrades (from upper level)
   FWD: 0 # Forwards (from upper level)
   latGETnl: 784065594 # GET request latency on next level
   latGETnet: 0 # GET request latency on network to next level
  l1d-1: # Filter cache stats
   fhGETS: 44457528 # Filtered GETS hits
   fhGETX: 408450 # Filtered GETX hits
   hGETS: 3140015 # GETS hits
   hGETX: 159481 # GETX hits
   mGETS: 7823636 # GETS misses
   mGETXIM: 71577 # GETX I->M misses
   mGETXSM: 499 # GETX S->M misses (upgrade misses)
   PUTS: 0 # Clean evictions (from lower level)
   PUTX: 0 # Dirty evictions (from lower level)
   INV: 1773 # Invalidates (from upper level)
   INVX: 3432 # Downgrades (from upper level)
   FWD: 0 # Forwards (from upper level)
   latGETnl: 572999123 # GET request latency on next level
   latGETnet: 0 # GET request latency on network to next level
  l1d-2: # Filter cache stats
   fhGETS: 44448719 # Filtered GETS hits
   fhGETX: 408368 # Filtered GETX hits
   hGETS: 3147034 # GETS hits
   hGETX: 160099 # GETX hits
   mGETS: 7823332 # GETS misses
   mGETXIM: 71557 # GETX I->M misses
   mGETXSM: 348 # GETX S->M misses (upgrade misses)
   PUTS: 0 # Clean evictions (from lower level)
   PUTX: 0 # Dirty evictions (from lower level)
   INV: 1761 # Invalidates (from upper level)
   INVX: 3352 # Downgrades (from upper level)
   FWD: 0 # Forwards (from upper level)
   latGETnl: 572914428 # GET request latency on next level
   latGETnet: 0 # GET request latency on network to next level
  l1d-3: # Filter cache stats
   fhGETS: 44448164 # Filtered GETS hits
   fhGETX: 408755 # Filtered GETX hits
   hGETS: 3149060 # GETS hits
   hGETX: 160782 # GETX hits
   mGETS: 7823678 # GETS misses
   mGETXIM: 71563 # GETX I->M misses
   mGETXSM: 221 # GETX S->M misses (upgrade misses)
   PUTS: 0 # Clean evictions (from lower level)
   PUTX: 0 # Dirty evictions (from lower level)
   INV: 1791 # Invalidates (from upper level)
   INVX: 3452 # Downgrades (from upper level)
   FWD: 0 # Forwards (from upper level)
   latGETnl: 572897809 # GET request latency on next level
   latGETnet: 0 # GET request latency on network to next level
  l1d-4: # Filter cache stats
   fhGETS: 44462308 # Filtered GETS hits
   fhGETX: 408832 # Filtered GETX hits
   hGETS: 3133428 # GETS hits
   hGETX: 160054 # GETX hits
   mGETS: 7823467 # GETS misses
   mGETXIM: 71557 # GETX I->M misses
   mGETXSM: 289 # GETX S->M misses (upgrade misses)
   PUTS: 0 # Clean evictions (from lower level)
   PUTX: 0 # Dirty evictions (from lower level)
   INV: 1777 # Invalidates (from upper level)
   INVX: 3362 # Downgrades (from upper level)
   FWD: 0 # Forwards (from upper level)
   latGETnl: 572423840 # GET request latency on next level
   latGETnet: 0 # GET request latency on network to next level
  l1d-5: # Filter cache stats
   fhGETS: 44472745 # Filtered GETS hits
   fhGETX: 408217 # Filtered GETX hits
   hGETS: 3124994 # GETS hits
   hGETX: 159695 # GETX hits
   mGETS: 7823742 # GETS misses
   mGETXIM: 71562 # GETX I->M misses
   mGETXSM: 626 # GETX S->M misses (upgrade misses)
   PUTS: 0 # Clean evictions (from lower level)
   PUTX: 0 # Dirty evictions (from lower level)
   INV: 1769 # Invalidates (from upper level)
   INVX: 3335 # Downgrades (from upper level)
   FWD: 0 # Forwards (from upper level)
   latGETnl: 571433188 # GET request latency on next level
   latGETnet: 0 # GET request latency on network to next level
  l1d-6: # Filter cache stats
   fhGETS: 44461220 # Filtered GETS hits
   fhGETX: 407598 # Filtered GETX hits
   hGETS: 3142688 # GETS hits
   hGETX: 159604 # GETX hits
   mGETS: 7824724 # GETS misses
   mGETXIM: 71579 # GETX I->M misses
   mGETXSM: 275 # GETX S->M misses (upgrade misses)
   PUTS: 0 # Clean evictions (from lower level)
   PUTX: 0 # Dirty evictions (from lower level)
   INV: 1783 # Invalidates (from upper level)
   INVX: 1803 # Downgrades (from upper level)
   FWD: 0 # Forwards (from upper level)
   latGETnl: 570821288 # GET request latency on next level
   latGETnet: 0 # GET request latency on network to next level
 l2: # Cache stats
  l2-0: # Cache stats
   hGETS: 299071 # GETS hits
   hGETX: 7 # GETX hits
   mGETS: 9580873 # GETS misses
   mGETXIM: 1874312 # GETX I->M misses
   mGETXSM: 147788 # GETX S->M misses (upgrade misses)
   PUTS: 8169169 # Clean evictions (from lower level)
   PUTX: 3583785 # Dirty evictions (from lower level)
   INV: 3885 # Invalidates (from upper level)
   INVX: 41460 # Downgrades (from upper level)
   FWD: 0 # Forwards (from upper level)
   latGETnl: 688899593 # GET request latency on next level
   latGETnet: 0 # GET request latency on network to next level
  l2-1: # Cache stats
   hGETS: 3797 # GETS hits
   hGETX: 0 # GETX hits
   mGETS: 7820033 # GETS misses
   mGETXIM: 71577 # GETX I->M misses
   mGETXSM: 499 # GETX S->M misses (upgrade misses)
   PUTS: 7675316 # Clean evictions (from lower level)
   PUTX: 217613 # Dirty evictions (from lower level)
   INV: 27673 # Invalidates (from upper level)
   INVX: 50000 # Downgrades (from upper level)
   FWD: 0 # Forwards (from upper level)
   latGETnl: 509838789 # GET request latency on next level
   latGETnet: 0 # GET request latency on network to next level
  l2-2: # Cache stats
   hGETS: 3661 # GETS hits
   hGETX: 0 # GETX hits
   mGETS: 7819785 # GETS misses
   mGETXIM: 71557 # GETX I->M misses
   mGETXSM: 348 # GETX S->M misses (upgrade misses)
   PUTS: 7674702 # Clean evictions (from lower level)
   PUTX: 217914 # Dirty evictions (from lower level)
   INV: 27449 # Invalidates (from upper level)
   INVX: 50815 # Downgrades (from upper level)
   FWD: 0 # Forwards (from upper level)
   latGETnl: 509754566 # GET request latency on next level
   latGETnet: 0 # GET request latency on network to next level
  l2-3: # Cache stats
   hGETS: 3549 # GETS hits
   hGETX: 0 # GETX hits
   mGETS: 7820244 # GETS misses
   mGETXIM: 71563 # GETX I->M misses
   mGETXSM: 221 # GETX S->M misses (upgrade misses)
   PUTS: 7674520 # Clean evictions (from lower level)
   PUTX: 218418 # Dirty evictions (from lower level)
   INV: 28523 # Invalidates (from upper level)
   INVX: 51089 # Downgrades (from upper level)
   FWD: 0 # Forwards (from upper level)
   latGETnl: 509736212 # GET request latency on next level
   latGETnet: 0 # GET request latency on network to next level
  l2-4: # Cache stats
   hGETS: 3457 # GETS hits
   hGETX: 0 # GETX hits
   mGETS: 7820120 # GETS misses
   mGETXIM: 71557 # GETX I->M misses
   mGETXSM: 289 # GETX S->M misses (upgrade misses)
   PUTS: 7674878 # Clean evictions (from lower level)
   PUTX: 217857 # Dirty evictions (from lower level)
   INV: 27782 # Invalidates (from upper level)
   INVX: 51306 # Downgrades (from upper level)
   FWD: 0 # Forwards (from upper level)
   latGETnl: 509264214 # GET request latency on next level
   latGETnet: 0 # GET request latency on network to next level
  l2-5: # Cache stats
   hGETS: 3494 # GETS hits
   hGETX: 0 # GETX hits
   mGETS: 7820360 # GETS misses
   mGETXIM: 71562 # GETX I->M misses
   mGETXSM: 626 # GETX S->M misses (upgrade misses)
   PUTS: 7675247 # Clean evictions (from lower level)
   PUTX: 217776 # Dirty evictions (from lower level)
   INV: 27869 # Invalidates (from upper level)
   INVX: 50564 # Downgrades (from upper level)
   FWD: 0 # Forwards (from upper level)
   latGETnl: 508267796 # GET request latency on next level
   latGETnet: 0 # GET request latency on network to next level
  l2-6: # Cache stats
   hGETS: 3702 # GETS hits
   hGETX: 0 # GETX hits
   mGETS: 7821211 # GETS misses
   mGETXIM: 71579 # GETX I->M misses
   mGETXSM: 275 # GETX S->M misses (upgrade misses)
   PUTS: 7676724 # Clean evictions (from lower level)
   PUTX: 217286 # Dirty evictions (from lower level)
   INV: 28102 # Invalidates (from upper level)
   INVX: 32266 # Downgrades (from upper level)
   FWD: 0 # Forwards (from upper level)
   latGETnl: 507653413 # GET request latency on next level
   latGETnet: 0 # GET request latency on network to next level
 l3: # Cache stats
  l3-0: # Cache stats
   hGETS: 1761851 # GETS hits
   hGETX: 169328 # GETX hits
   mGETS: 54740775 # GETS misses
   mGETXIM: 2284425 # GETX I->M misses
   mGETXSM: 0 # GETX S->M misses (upgrade misses)
   PUTS: 53989315 # Clean evictions (from lower level)
   PUTX: 4588391 # Dirty evictions (from lower level)
   INV: 0 # Invalidates (from upper level)
   INVX: 0 # Downgrades (from upper level)
   FWD: 0 # Forwards (from upper level)
   latGETnl: 2737209600 # GET request latency on next level
   latGETnet: 0 # GET request latency on network to next level
 mem: # Memory controller stats
  mem-0: # Memory controller stats
   rd: 31088444 # Read requests
   wr: 1855417 # Write requests
   rdlat: 2756390517 # Total latency experienced by read requests
   wrlat: 406701689 # Total latency experienced by write requests
   rdhits: 39981 # Read row hits
   wrhits: 49937 # Write row hits
   mlh: # latency histogram for memory requests
    0: 0
    1: 0
    2: 0
    3: 0
    4: 0
    5: 2
    6: 1092
    7: 17008732
    8: 8844430
    9: 1764136
    10: 554824
    11: 291773
    12: 313096
    13: 562942
    14: 374681
    15: 342193
    16: 308913
    17: 78369
    18: 55178
    19: 50524
    20: 42792
    21: 54897
    22: 65944
    23: 38317
    24: 36230
    25: 38709
    26: 37435
    27: 35067
    28: 41797
    29: 38517
    30: 34726
    31: 26670
    32: 14358
    33: 7598
    34: 5102
    35: 3979
    36: 3469
    37: 2642
    38: 2142
    39: 1636
    40: 1229
    41: 791
    42: 612
    43: 523
    44: 544
    45: 292
    46: 280
    47: 197
    48: 121
    49: 135
    50: 132
    51: 117
    52: 82
    53: 81
    54: 106
    55: 71
    56: 64
    57: 57
    58: 17
    59: 11
    60: 16
    61: 11
    62: 13
    63: 4
    64: 3
    65: 10
    66: 4
    67: 2
    68: 1
    69: 3
    70: 1
    71: 1
    72: 0
    73: 0
    74: 0
    75: 1
    76: 0
    77: 0
    78: 0
    79: 0
    80: 0
    81: 0
    82: 0
    83: 0
    84: 0
    85: 0
    86: 0
    87: 0
    88: 0
    89: 0
    90: 0
    91: 0
    92: 0
    93: 0
    94: 0
    95: 0
    96: 0
    97: 0
    98: 0
    99: 0
  mem-1: # Memory controller stats
   rd: 25936516 # Read requests
   wr: 1854059 # Write requests
   rdlat: 2177486617 # Total latency experienced by read requests
   wrlat: 349699785 # Total latency experienced by write requests
   rdhits: 22958 # Read row hits
   wrhits: 40839 # Write row hits
   mlh: # latency histogram for memory requests
    0: 0
    1: 0
    2: 0
    3: 0
    4: 0
    5: 2
    6: 463
    7: 16933057
    8: 6282039
    9: 1439018
    10: 276653
    11: 116369
    12: 91689
    13: 94141
    14: 111642
    15: 136690
    16: 113040
    17: 19952
    18: 17590
    19: 14712
    20: 12136
    21: 14501
    22: 23987
    23: 20302
    24: 23850
    25: 27255
    26: 28695
    27: 27047
    28: 31672
    29: 26581
    30: 21697
    31: 13566
    32: 6576
    33: 2927
    34: 1854
    35: 1354
    36: 1314
    37: 911
    38: 860
    39: 570
    40: 407
    41: 169
    42: 112
    43: 101
    44: 163
    45: 72
    46: 86
    47: 46
    48: 31
    49: 57
    50: 74
    51: 42
    52: 52
    53: 77
    54: 82
    55: 98
    56: 37
    57: 24
    58: 3
    59: 25
    60: 13
    61: 13
    62: 10
    63: 2
    64: 3
    65: 3
    66: 1
    67: 0
    68: 1
    69: 0
    70: 0
    71: 0
    72: 0
    73: 0
    74: 0
    75: 0
    76: 0
    77: 0
    78: 0
    79: 0
    80: 0
    81: 0
    82: 0
    83: 0
    84: 0
    85: 0
    86: 0
    87: 0
    88: 0
    89: 0
    90: 0
    91: 0
    92: 0
    93: 0
    94: 0
    95: 0
    96: 0
    97: 0
    98: 0
    99: 0
 sched: # Scheduler stats
  thCr: 7 # Threads created
  thFn: 0 # Threads finished
  schedEvs: 7 # Schedule events
  waitEvs: 0 # Wait events
  handoffEvs: 0 # Handoff events
  sleepEvs: 0 # Sleep events
  idlePhases: 0 # Phases with no thread active
  idlePeriods: 0 # Periods with no thread active
  occHist: # Occupancy histogram
   0: 0
   1: 80442
   2: 0
   3: 0
   4: 0
   5: 1
   6: 0
   7: 112764
  rqSzHist: # Run queue size histogram
   0: 193207
   1: 0
   2: 0
   3: 0
   4: 0
   5: 0
   6: 0
   7: 0
   8: 0
   9: 0
   10: 0
   11: 0
   12: 0
   13: 0
   14: 0
   15: 0
   16: 0
 procCycles: # Per-process unhalted core cycles
  0: 7553465940
  1: 0
  2: 0
  3: 0
  4: 0
  5: 0
  6: 0
  7: 0
  8: 0
  9: 0
  10: 0
  11: 0
  12: 0
  13: 0
  14: 0
  15: 0
  16: 0
  17: 0
  18: 0
  19: 0
  20: 0
  21: 0
  22: 0
  23: 0
  24: 0
  25: 0
  26: 0
  27: 0
  28: 0
  29: 0
  30: 0
  31: 0
  32: 0
  33: 0
  34: 0
  35: 0
  36: 0
  37: 0
  38: 0
  39: 0
  40: 0
  41: 0
  42: 0
  43: 0
  44: 0
  45: 0
  46: 0
  47: 0
  48: 0
  49: 0
  50: 0
  51: 0
  52: 0
  53: 0
  54: 0
  55: 0
  56: 0
  57: 0
  58: 0
  59: 0
  60: 0
  61: 0
  62: 0
  63: 0
 procInstrs: # Per-process instructions
  0: 5000000654
  1: 0
  2: 0
  3: 0
  4: 0
  5: 0
  6: 0
  7: 0
  8: 0
  9: 0
  10: 0
  11: 0
  12: 0
  13: 0
  14: 0
  15: 0
  16: 0
  17: 0
  18: 0
  19: 0
  20: 0
  21: 0
  22: 0
  23: 0
  24: 0
  25: 0
  26: 0
  27: 0
  28: 0
  29: 0
  30: 0
  31: 0
  32: 0
  33: 0
  34: 0
  35: 0
  36: 0
  37: 0
  38: 0
  39: 0
  40: 0
  41: 0
  42: 0
  43: 0
  44: 0
  45: 0
  46: 0
  47: 0
  48: 0
  49: 0
  50: 0
  51: 0
  52: 0
  53: 0
  54: 0
  55: 0
  56: 0
  57: 0
  58: 0
  59: 0
  60: 0
  61: 0
  62: 0
  63: 0
 heartbeats: # Per-process heartbeats
  0: 0
  1: 0
  2: 0
  3: 0
  4: 0
  5: 0
  6: 0
  7: 0
  8: 0
  9: 0
  10: 0
  11: 0
  12: 0
  13: 0
  14: 0
  15: 0
  16: 0
  17: 0
  18: 0
  19: 0
  20: 0
  21: 0
  22: 0
  23: 0
  24: 0
  25: 0
  26: 0
  27: 0
  28: 0
  29: 0
  30: 0
  31: 0
  32: 0
  33: 0
  34: 0
  35: 0
  36: 0
  37: 0
  38: 0
  39: 0
  40: 0
  41: 0
  42: 0
  43: 0
  44: 0
  45: 0
  46: 0
  47: 0
  48: 0
  49: 0
  50: 0
  51: 0
  52: 0
  53: 0
  54: 0
  55: 0
  56: 0
  57: 0
  58: 0
  59: 0
  60: 0
  61: 0
  62: 0
  63: 0
===
